Output 1 ================
root@lamp-s-1vcpu-1gb-tor1-01:~# nmap facebook

Starting Nmap 7.60 ( https://nmap.org ) at 2020-01-15 16:25 UTC
Failed to resolve "facebook".
WARNING: No targets were specified, so 0 hosts scanned.
Nmap done: 0 IP addresses (0 hosts up) scanned in 0.09 seconds
root@lamp-s-1vcpu-1gb-tor1-01:~# nmap facebook.com

Starting Nmap 7.60 ( https://nmap.org ) at 2020-01-15 16:25 UTC
Nmap scan report for facebook.com (31.13.80.36)
Host is up (0.00052s latency).
Other addresses for facebook.com (not scanned): 2a03:2880:f10e:83:face:b00c:0:25de
rDNS record for 31.13.80.36: edge-star-mini-shv-01-yyz1.facebook.com
Not shown: 996 filtered ports
PORT     STATE  SERVICE
80/tcp   open   http
443/tcp  open   https
843/tcp  closed unknown
5222/tcp closed xmpp-client

Nmap done: 1 IP address (1 host up) scanned in 15.08 seconds

Output 2 =============
root@lamp-s-1vcpu-1gb-tor1-01:~# nmap -p 88 facebook

Starting Nmap 7.60 ( https://nmap.org ) at 2020-01-15 16:27 UTC
Failed to resolve "facebook".
WARNING: No targets were specified, so 0 hosts scanned.
Nmap done: 0 IP addresses (0 hosts up) scanned in 0.10 seconds
root@lamp-s-1vcpu-1gb-tor1-01:~# nmap -p 88 facebook.com

Starting Nmap 7.60 ( https://nmap.org ) at 2020-01-15 16:27 UTC
Nmap scan report for facebook.com (31.13.80.36)
Host is up (0.0012s latency).
Other addresses for facebook.com (not scanned): 2a03:2880:f10e:83:face:b00c:0:25de
rDNS record for 31.13.80.36: edge-star-mini-shv-01-yyz1.facebook.com

PORT   STATE    SERVICE
88/tcp filtered kerberos-sec

Nmap done: 1 IP address (1 host up) scanned in 0.51 seconds


Output 3 ================
root@lamp-s-1vcpu-1gb-tor1-01:~# nmap -p 80-88 facebook.com

Starting Nmap 7.60 ( https://nmap.org ) at 2020-01-15 16:28 UTC
Nmap scan report for facebook.com (31.13.80.36)
Host is up (0.00097s latency).
Other addresses for facebook.com (not scanned): 2a03:2880:f10e:83:face:b00c:0:25de
rDNS record for 31.13.80.36: edge-star-mini-shv-01-yyz1.facebook.com

PORT   STATE    SERVICE
80/tcp open     http
81/tcp filtered hosts2-ns
82/tcp filtered xfer
83/tcp filtered mit-ml-dev
84/tcp filtered ctf
85/tcp filtered mit-ml-dev
86/tcp filtered mfcobol
87/tcp filtered priv-term-l
88/tcp filtered kerberos-sec

Nmap done: 1 IP address (1 host up) scanned in 1.50 seconds

Output 4==================
root@lamp-s-1vcpu-1gb-tor1-01:~# nmap -F facebook.com

Starting Nmap 7.60 ( https://nmap.org ) at 2020-01-15 16:29 UTC
Nmap scan report for facebook.com (31.13.80.36)
Host is up (0.00092s latency).
Other addresses for facebook.com (not scanned): 2a03:2880:f10e:83:face:b00c:0:25de
rDNS record for 31.13.80.36: edge-star-mini-shv-01-yyz1.facebook.com
Not shown: 98 filtered ports
PORT    STATE SERVICE
80/tcp  open  http
443/tcp open  https

Nmap done: 1 IP address (1 host up) scanned in 2.43 seconds


